// Jest Snapshot v1, https://goo.gl/fbAQLP

exports[`renders correctly 1`] = `
<Section
  inner={true}
>
  <canvas
    className="flex-grow-1"
  />
</Section>
`;
